{"error":{"message":"Rate limit reached for model `llama-3.3-70b-versatile` in organization `org_01k7bdfw7zfy7rr2789ja1zgje` service tier `on_demand` on tokens per day (TPD): Limit 100000, Used 99732, Requested 293. Please try again in 21.6s. Need more tokens? Upgrade to Dev Tier today at https://console.groq.com/settings/billing","type":"tokens","code":"rate_limit_exceeded"}}
